SSZ STRAIN PIPELINE — 2026-05-18 18:52:44
GW240925 | GPS=1411261107.984 | Mc=8.9 Msun | eta=0.25
============================================================
STEP A: LOAD GW240925 H1 STRAIN
============================================================
  Anti-circularity check: H1/strain -> VALID_INDEPENDENT
  File:    E:\clone\ligo-gw240925-gw250207-release\18600070\GW240925-C00-Strain\GW240925-C00-Strain\O4b4DiscC00_4KHZ_R1\STRAIN_HDF\H1\1410334720\H-H1_GWOSC_O4b4DiscC00_4KHZ_R1-1411260416-4096.hdf5
  Dataset: strain/Strain
  Detector:        H1
  Channel:         H1:GDS-CALIB_STRAIN_CLEAN
  GPS start file:  1411260416.0
  GPS end file:    1411264512.0
  Trigger GPS:     1411261107.984
  Trigger offset:  691.984 s within file
  Sample rate:     4096 Hz
  Window:          [2826174:2842558] = 16384 samples = 4.000 s
  min:   -7.2509e-18
  max:   7.0932e-18
  mean:  -2.0062e-20
  std:   2.7274e-18
  NaN:   False
  Inf:   False
  STATUS: PASS — strain segment loaded, sane values

============================================================
STEP B: PSD ESTIMATION (Welch, off-source)
============================================================
  Off-source offset:  500.0 s before trigger
  Off-source length:  256.0 s  (1048576 samples)
  Welch nperseg:      4096
  Welch overlap:      50%
  Window:             Hann
  PSD bins:           2049
  Freq range:         1.000 – 2048.0 Hz
  PSD median (20-800 Hz): 1.757e-47 1/Hz
  Source:             RAW STRAIN (no posterior PSD used)
  STATUS: PASS — PSD estimated from off-source strain

============================================================
STEP C: GR CONTROL WAVEFORM (TaylorF2 0PN)
============================================================
  LABEL: GR_CONTROL_TEMPLATE_ONLY
  WARNING: This is a 0PN stationary-phase approximation.
           Not a full LIGO PE waveform.
           Suitable only as sanity/control template.
  Chirp mass:  8.90 Msun
  eta:         0.25
  Distance:    300 Mpc
  f_low:       20.0 Hz
  f_high:      800.0 Hz
  |h| max:     1.629e-31
  |h| at 100Hz:2.491e-32
  STATUS: GR_CONTROL_TEMPLATE_LIMITED (0PN only, no higher order terms)

============================================================
STEP D: SSZ FORWARD MODEL
============================================================
  LABEL: SSZ_FORWARD_V0_PROXY
  V0 proxy formula:
    r(f)  = (G*M / (pi*f)^2)^{1/3}  [Kepler]
    xi(r) = xi_weak(r, rs)           [weak field]
    dPsi(f) = kappa * (1 - D(xi))   [kappa=1.0 locked]
  Schwarzschild r_s:  60.40 km
  kappa_phase:        1.0 (locked exploratory)
  dpsi range (band):  [0.0331, 0.2858] rad
  dpsi mean (band):   0.1919 rad
  |h_SSZ| max:        1.629e-31
  Exact delta_psi SSZ derivation: MISSING (Ch.31 not yet locked)
  STATUS: SSZ_FORWARD_V0_PROXY — not suitable for physics claim

============================================================
STEP E: RESIDUALS + LOG-LIKELIHOOD
============================================================
  N samples:          16384
  df:                 0.250000 Hz
  FFT bins (total):   8193
  Band [20-800 Hz]:   3121 bins
  lnL (GR control):   -3.2372e+07
  lnL (SSZ V0):       -3.2372e+07
  delta_lnL SSZ-GR:   -4.4703e-08
  MF-SNR GR:          39.92
  MF-SNR SSZ:         40.27
  Residual RMS GR:    8.502e-22
  Residual RMS SSZ:   8.502e-22
  delta_lnL < 1: INDISTINGUISHABLE — no physics claim possible
  STATUS: PASS_NUMERICAL — residuals and lnL computed without error

  Reports written:
    reports/REAL_STRAIN_LOAD_REPORT.md
    reports/PSD_WELCH_REPORT.md
    reports/GR_CONTROL_WAVEFORM_REPORT.md
    reports/SSZ_FORWARD_APPLICATION_REPORT.md
    reports/RESIDUAL_LIKELIHOOD_REPORT.md
    reports/ANTI_CIRCULARITY_FINAL_GATE.md

============================================================
FINAL GATE
============================================================
  PIPELINE_STATUS:              PASS_EXPLORATORY_STRAIN_PIPELINE_RAN
  READY_FOR_REAL_SSZ_CLAIM:     NO
  SSZ_SUPPORT_CLAIM_MADE:       NO
  SSZ_FALSIFICATION_CLAIM_MADE: NO
  POSTERIOR_RF_TEST:            INVALID_FOR_SSZ
  GR_CONTROL_TEMPLATE:          GR_CONTROL_TEMPLATE_LIMITED
  SSZ_FORWARD_MODEL:            SSZ_FORWARD_V0_PROXY
  ANTI_CIRCULARITY_GATE:        CLEAR