L1 MULTI-WINDOW STATIONARITY QUANTILE TEST -- 2026-05-19 07:12:40
Trigger: 1411261107.984  Win: 4.0s  Step: 4.0s  Range: +-1000.0s
Band: 20.0-210.0Hz

============================================================
DETECTOR: H1
============================================================
  Scanning +-1000.0s in 4.0s steps (500 windows expected)...
  Loaded 405 windows  fs=4096Hz
  Off-source distribution (402 windows):
    mean=4.5246e-39  std=2.0001e-39  median=4.2039e-39  MAD=1.2276e-39
    min=1.1088e-39  max=1.2165e-38
  Trigger (offset=+0.0s):
    bandpower=2.0234e-39  quantile=7.7%  z=-1.25
    Fraction of off-source windows >= trigger: 92.3%
  Distribution percentiles:
     50.0%ile: 4.2039e-39
     75.0%ile: 5.5213e-39
     90.0%ile: 7.3173e-39
     95.0%ile: 8.3332e-39
     99.0%ile: 1.0733e-38
     99.9%ile: 1.2104e-38
  -> STATIONARITY: CONSISTENT_WITH_BACKGROUND
  Bandpower vs time: slope=1.825e-43/s  R=0.045  p=3.626e-01
  -> TREND: NO_SIGNIFICANT_TREND

============================================================
DETECTOR: L1
============================================================
  Scanning +-1000.0s in 4.0s steps (500 windows expected)...
  Loaded 423 windows  fs=4096Hz
  Off-source distribution (420 windows):
    mean=3.5872e-39  std=2.2465e-39  median=2.9589e-39  MAD=1.1053e-39
    min=6.3328e-40  max=1.5774e-38
  Trigger (offset=+0.0s):
    bandpower=5.3954e-39  quantile=85.0%  z=+0.80
    Fraction of off-source windows >= trigger: 15.0%
  Distribution percentiles:
     50.0%ile: 2.9589e-39
     75.0%ile: 4.3303e-39
     90.0%ile: 6.5436e-39
     95.0%ile: 8.3836e-39
     99.0%ile: 1.0873e-38
     99.9%ile: 1.5326e-38
  -> STATIONARITY: MILD_OUTLIER_80
  Bandpower vs time: slope=-1.918e-43/s  R=-0.042  p=3.906e-01
  -> TREND: NO_SIGNIFICANT_TREND

============================================================
FINAL COMPARISON
============================================================
  H1 trigger quantile: 7.7%  z=-1.25  -> CONSISTENT_WITH_BACKGROUND
  L1 trigger quantile: 85.0%  z=+0.81  -> MILD_OUTLIER_80
  -> COHERENCE_VERDICT: BOTH_CONSISTENT_WITH_BACKGROUND

Outputs:
  E:\clone\ssz-ligo-tests\reports\L1_MULTIWINDOW_STATIONARITY_REPORT.md
  E:\clone\ssz-ligo-tests\data_manifest\l1_multiwindow_stationarity.csv
  E:\clone\ssz-ligo-tests\data_manifest\l1_multiwindow_bandpower_series.csv
