IMPORT_OK: E:\clone\ssz-ligo-tests\src\ssz_ligo_tests\__init__.py
PHI=1.618033988749895
============================= test session starts =============================
platform win32 -- Python 3.12.10, pytest-8.4.2, pluggy-1.6.0 -- C:\Users\linoc\AppData\Local\Microsoft\WindowsApps\PythonSoftwareFoundation.Python.3.12_qbz5n2kfra8p0\python.exe
cachedir: .pytest_cache
rootdir: E:\clone\ssz-ligo-tests
configfile: pyproject.toml
plugins: anyio-4.12.1, dash-2.18.2, Faker-40.4.0, cov-4.1.0, timeout-2.4.0, zarr-3.1.6
collecting ... collected 101 items / 5 errors

=================================== ERRORS ====================================
__________ ERROR collecting tests/integration/test_forward_model.py ___________
ImportError while importing test module 'E:\clone\ssz-ligo-tests\tests\integration\test_forward_model.py'.
Hint: make sure your test modules/packages have valid Python names.
Traceback:
C:\Users\linoc\AppData\Local\Packages\PythonSoftwareFoundation.Python.3.12_qbz5n2kfra8p0\LocalCache\local-packages\Python312\site-packages\_pytest\python.py:498: in importtestmodule
    mod = import_path(
C:\Users\linoc\AppData\Local\Packages\PythonSoftwareFoundation.Python.3.12_qbz5n2kfra8p0\LocalCache\local-packages\Python312\site-packages\_pytest\pathlib.py:587: in import_path
    importlib.import_module(module_name)
C:\Program Files\WindowsApps\PythonSoftwareFoundation.Python.3.12_3.12.2800.0_x64__qbz5n2kfra8p0\Lib\importlib\__init__.py:90: in import_module
    return _bootstrap._gcd_import(name[level:], package, level)
           ^^^^^^^^^^^^^^^^^^^^^^^^^^^^^^^^^^^^^^^^^^^^^^^^^^^^
<frozen importlib._bootstrap>:1387: in _gcd_import
    ???
<frozen importlib._bootstrap>:1360: in _find_and_load
    ???
<frozen importlib._bootstrap>:1331: in _find_and_load_unlocked
    ???
<frozen importlib._bootstrap>:935: in _load_unlocked
    ???
C:\Users\linoc\AppData\Local\Packages\PythonSoftwareFoundation.Python.3.12_qbz5n2kfra8p0\LocalCache\local-packages\Python312\site-packages\_pytest\assertion\rewrite.py:186: in exec_module
    exec(co, module.__dict__)
tests\integration\test_forward_model.py:8: in <module>
    from ssz_ligo_tests.forward_model import SSZForwardModel
E   ModuleNotFoundError: No module named 'ssz_ligo_tests.forward_model'
_____________ ERROR collecting tests/test_01_source_inventory.py ______________
'corpus' not found in `markers` configuration option
________ ERROR collecting tests/test_04_forward_model_placeholders.py _________
ImportError while importing test module 'E:\clone\ssz-ligo-tests\tests\test_04_forward_model_placeholders.py'.
Hint: make sure your test modules/packages have valid Python names.
Traceback:
C:\Users\linoc\AppData\Local\Packages\PythonSoftwareFoundation.Python.3.12_qbz5n2kfra8p0\LocalCache\local-packages\Python312\site-packages\_pytest\python.py:498: in importtestmodule
    mod = import_path(
C:\Users\linoc\AppData\Local\Packages\PythonSoftwareFoundation.Python.3.12_qbz5n2kfra8p0\LocalCache\local-packages\Python312\site-packages\_pytest\pathlib.py:587: in import_path
    importlib.import_module(module_name)
C:\Program Files\WindowsApps\PythonSoftwareFoundation.Python.3.12_3.12.2800.0_x64__qbz5n2kfra8p0\Lib\importlib\__init__.py:90: in import_module
    return _bootstrap._gcd_import(name[level:], package, level)
           ^^^^^^^^^^^^^^^^^^^^^^^^^^^^^^^^^^^^^^^^^^^^^^^^^^^^
<frozen importlib._bootstrap>:1387: in _gcd_import
    ???
<frozen importlib._bootstrap>:1360: in _find_and_load
    ???
<frozen importlib._bootstrap>:1331: in _find_and_load_unlocked
    ???
<frozen importlib._bootstrap>:935: in _load_unlocked
    ???
C:\Users\linoc\AppData\Local\Packages\PythonSoftwareFoundation.Python.3.12_qbz5n2kfra8p0\LocalCache\local-packages\Python312\site-packages\_pytest\assertion\rewrite.py:186: in exec_module
    exec(co, module.__dict__)
tests\test_04_forward_model_placeholders.py:4: in <module>
    from ssz_ligo_tests import (
E   ImportError: cannot import name 'delta_amp_ssz' from 'ssz_ligo_tests' (E:\clone\ssz-ligo-tests\src\ssz_ligo_tests\__init__.py). Did you mean: 'delta_psi_ssz'?
________________ ERROR collecting tests/unit/test_ssz_core.py _________________
ImportError while importing test module 'E:\clone\ssz-ligo-tests\tests\unit\test_ssz_core.py'.
Hint: make sure your test modules/packages have valid Python names.
Traceback:
C:\Users\linoc\AppData\Local\Packages\PythonSoftwareFoundation.Python.3.12_qbz5n2kfra8p0\LocalCache\local-packages\Python312\site-packages\_pytest\python.py:498: in importtestmodule
    mod = import_path(
C:\Users\linoc\AppData\Local\Packages\PythonSoftwareFoundation.Python.3.12_qbz5n2kfra8p0\LocalCache\local-packages\Python312\site-packages\_pytest\pathlib.py:587: in import_path
    importlib.import_module(module_name)
C:\Program Files\WindowsApps\PythonSoftwareFoundation.Python.3.12_3.12.2800.0_x64__qbz5n2kfra8p0\Lib\importlib\__init__.py:90: in import_module
    return _bootstrap._gcd_import(name[level:], package, level)
           ^^^^^^^^^^^^^^^^^^^^^^^^^^^^^^^^^^^^^^^^^^^^^^^^^^^^
<frozen importlib._bootstrap>:1387: in _gcd_import
    ???
<frozen importlib._bootstrap>:1360: in _find_and_load
    ???
<frozen importlib._bootstrap>:1331: in _find_and_load_unlocked
    ???
<frozen importlib._bootstrap>:935: in _load_unlocked
    ???
C:\Users\linoc\AppData\Local\Packages\PythonSoftwareFoundation.Python.3.12_qbz5n2kfra8p0\LocalCache\local-packages\Python312\site-packages\_pytest\assertion\rewrite.py:186: in exec_module
    exec(co, module.__dict__)
tests\unit\test_ssz_core.py:7: in <module>
    from ssz_ligo_tests import (
E   ImportError: cannot import name 'd_gr' from 'ssz_ligo_tests' (E:\clone\ssz-ligo-tests\src\ssz_ligo_tests\__init__.py)
___________ ERROR collecting tests/validation/test_against_book.py ____________
ImportError while importing test module 'E:\clone\ssz-ligo-tests\tests\validation\test_against_book.py'.
Hint: make sure your test modules/packages have valid Python names.
Traceback:
C:\Users\linoc\AppData\Local\Packages\PythonSoftwareFoundation.Python.3.12_qbz5n2kfra8p0\LocalCache\local-packages\Python312\site-packages\_pytest\python.py:498: in importtestmodule
    mod = import_path(
C:\Users\linoc\AppData\Local\Packages\PythonSoftwareFoundation.Python.3.12_qbz5n2kfra8p0\LocalCache\local-packages\Python312\site-packages\_pytest\pathlib.py:587: in import_path
    importlib.import_module(module_name)
C:\Program Files\WindowsApps\PythonSoftwareFoundation.Python.3.12_3.12.2800.0_x64__qbz5n2kfra8p0\Lib\importlib\__init__.py:90: in import_module
    return _bootstrap._gcd_import(name[level:], package, level)
           ^^^^^^^^^^^^^^^^^^^^^^^^^^^^^^^^^^^^^^^^^^^^^^^^^^^^
<frozen importlib._bootstrap>:1387: in _gcd_import
    ???
<frozen importlib._bootstrap>:1360: in _find_and_load
    ???
<frozen importlib._bootstrap>:1331: in _find_and_load_unlocked
    ???
<frozen importlib._bootstrap>:935: in _load_unlocked
    ???
C:\Users\linoc\AppData\Local\Packages\PythonSoftwareFoundation.Python.3.12_qbz5n2kfra8p0\LocalCache\local-packages\Python312\site-packages\_pytest\assertion\rewrite.py:186: in exec_module
    exec(co, module.__dict__)
tests\validation\test_against_book.py:7: in <module>
    from ssz_ligo_tests import (
E   ImportError: cannot import name 'd_gr' from 'ssz_ligo_tests' (E:\clone\ssz-ligo-tests\src\ssz_ligo_tests\__init__.py)
=========================== short test summary info ===========================
ERROR tests/integration/test_forward_model.py
ERROR tests/test_01_source_inventory.py - Failed: 'corpus' not found in `markers` configuration option
ERROR tests/test_04_forward_model_placeholders.py
ERROR tests/unit/test_ssz_core.py
ERROR tests/validation/test_against_book.py
!!!!!!!!!!!!!!!!!!! Interrupted: 5 errors during collection !!!!!!!!!!!!!!!!!!!
============================== 5 errors in 1.93s ==============================
PYTEST_EXIT=2
OPEN_OK: GW240925_combinedPHM_envcalC01_metafile.hdf5
GROUPS: ['C01:IMRPhenomXPHM-SpinTaylor', 'C01:IMRPhenomXPNR', 'C01:Mixed', 'C01:SEOBNRv5PHM', 'history', 'version']
OPEN_OK: GW250207_combinedPHM_cal_metafile.hdf5
GROUPS: ['C00:IMRPhenomXAS', 'C00:IMRPhenomXPHM-SpinTaylor', 'C00:IMRPhenomXPNR', 'C00:Mixed', 'C00:NRSur7dq4', 'C00:SEOBNRv5PHM', 'history', 'version']
