2026-05-14T12:55:02.280965 - ======================================================================
2026-05-14T12:55:02.280965 - PHASE 3 EXECUTION BLOCKER AUDIT
2026-05-14T12:55:02.280965 - ======================================================================
2026-05-14T12:55:02.280965 - 
--- CHECK 1: PYTHON ENVIRONMENT ---
2026-05-14T12:55:02.280965 - Python version: 3.12.10 (tags/v3.12.10:0cc8128, Apr  8 2025, 12:21:36) [MSC v.1943 64 bit (AMD64)]
2026-05-14T12:55:02.280965 - Python executable: E:\clone\ligo-gw240925-gw250207-release\.venv-ligo\Scripts\python.exe
2026-05-14T12:55:02.280965 - Platform: win32
2026-05-14T12:55:03.136703 - h5py: 3.16.0 OK
2026-05-14T12:55:03.136703 - numpy: 2.4.4 OK
2026-05-14T12:55:03.136703 - 
--- CHECK 2: EXTRACTION ROOTS ---
2026-05-14T12:55:03.208970 - EXISTS: E:\clone\ligo-gw240925-gw250207-release\18600070
2026-05-14T12:55:03.208970 -   Dirs: 13, Files: 15, HDF5: 155
2026-05-14T12:55:03.209534 - MISSING: E:\clone\ligo-gw240925-gw250207-release\1860070
2026-05-14T12:55:03.209534 - MISSING: E:\clone\ligo-gw240925-gw250207-release\01_EXTRACTED\18600070
2026-05-14T12:55:03.215062 - EXISTS: E:\clone\ligo-gw240925-gw250207-release\01_EXTRACTED\1860070
2026-05-14T12:55:03.215062 -   Dirs: 0, Files: 15, HDF5: 2
2026-05-14T12:55:03.223577 - EXISTS: E:\clone\ligo-gw240925-gw250207-release\01_EXTRACTED
2026-05-14T12:55:03.223577 -   Dirs: 2, Files: 15, HDF5: 4
2026-05-14T12:55:03.225163 - EXISTS: E:\clone\ligo-gw240925-gw250207-release\01_EXTRACTED\nested
2026-05-14T12:55:03.225163 -   Dirs: 0, Files: 0, HDF5: 0
2026-05-14T12:55:03.225163 - 
BEST ROOT: E:\clone\ligo-gw240925-gw250207-release\18600070 with 155 HDF5 files
2026-05-14T12:55:03.225163 - 
--- CHECK 3: HDF5 FILES ---
2026-05-14T12:55:03.293868 - Total HDF5 files found: 155
2026-05-14T12:55:03.293868 -   GW240925_combinedPHM_envcalC01_metafile.hdf5: 190.8 MB
2026-05-14T12:55:03.293868 -   GW250207_combinedPHM_cal_metafile.hdf5: 292.5 MB
2026-05-14T12:55:03.294394 -   combinedPHM_envcalC00_metafile.hdf5: SIZE_UNKNOWN (file not accessible)
2026-05-14T12:55:03.294919 -   combinedPHM_envcalC01_metafile.hdf5: SIZE_UNKNOWN (file not accessible)
2026-05-14T12:55:03.295445 -   combinedPHM_flatcalC00_metafile.hdf5: SIZE_UNKNOWN (file not accessible)
2026-05-14T12:55:03.295971 -   combinedPHM_nocalC00_metafile.hdf5: SIZE_UNKNOWN (file not accessible)
2026-05-14T12:55:03.295971 -   combinedPHM_cal_metafile.hdf5: SIZE_UNKNOWN (file not accessible)
2026-05-14T12:55:03.296595 -   combinedPHM_H1cal_metafile.hdf5: SIZE_UNKNOWN (file not accessible)
2026-05-14T12:55:03.297274 -   combinedPHM_nocal_metafile.hdf5: SIZE_UNKNOWN (file not accessible)
2026-05-14T12:55:03.297274 -   H-H1_GWOSC_O4b4DiscC00_16KHZ_R1-1411260416-4096.hdf5: 203.8 MB
2026-05-14T12:55:03.297274 -   ... and 145 more
2026-05-14T12:55:03.297274 - 
--- CHECK 4: WRITE PERMISSIONS ---
2026-05-14T12:55:03.299230 - Write probe: SUCCESS OK
2026-05-14T12:55:03.299230 -   File: E:\clone\ligo-gw240925-gw250207-release\02_INVENTORY\WRITE_PROBE_PHASE3.txt
2026-05-14T12:55:03.299230 -   Content: Phase 3 write probe at 2026-05-14T12:55:03.297274...
2026-05-14T12:55:03.299230 - 
--- CHECK 5: PHASE 3 SCRIPTS ---
2026-05-14T12:55:03.300360 - FOUND: phase3_blocker_audit_and_execute.py (14.5 KB)
2026-05-14T12:55:03.300360 -   h5py import: YES
2026-05-14T12:55:03.300360 -   18600070 ref: YES
2026-05-14T12:55:03.300360 -   1860070 ref: YES
2026-05-14T12:55:03.300360 -   output dir ref: YES
2026-05-14T12:55:03.300360 -   main guard: YES
2026-05-14T12:55:03.300944 - FOUND: phase3_full_forensic_recovery.py (18.9 KB)
2026-05-14T12:55:03.300944 -   h5py import: YES
2026-05-14T12:55:03.300944 -   18600070 ref: YES
2026-05-14T12:55:03.301471 -   1860070 ref: YES
2026-05-14T12:55:03.301471 -   output dir ref: YES
2026-05-14T12:55:03.301471 -   main guard: NO
2026-05-14T12:55:03.301471 - FOUND: phase3_part_a_audit.py (10.5 KB)
2026-05-14T12:55:03.301471 -   h5py import: YES
2026-05-14T12:55:03.301471 -   18600070 ref: YES
2026-05-14T12:55:03.301471 -   1860070 ref: YES
2026-05-14T12:55:03.301471 -   output dir ref: YES
2026-05-14T12:55:03.301471 -   main guard: NO
2026-05-14T12:55:03.301471 - FOUND: phase3_reproduction_plan.py (16.5 KB)
2026-05-14T12:55:03.302766 -   h5py import: YES
2026-05-14T12:55:03.302766 -   18600070 ref: NO
2026-05-14T12:55:03.302766 -   1860070 ref: NO
2026-05-14T12:55:03.302766 -   output dir ref: YES
2026-05-14T12:55:03.302766 -   main guard: NO
2026-05-14T12:55:03.302766 - FOUND: phase3_verify_and_inspect.py (12.6 KB)
2026-05-14T12:55:03.302766 -   h5py import: YES
2026-05-14T12:55:03.302766 -   18600070 ref: YES
2026-05-14T12:55:03.302766 -   1860070 ref: NO
2026-05-14T12:55:03.302766 -   output dir ref: YES
2026-05-14T12:55:03.302766 -   main guard: NO
2026-05-14T12:55:03.304578 - FOUND: phase5_hdf5_inspection.py (7.5 KB)
2026-05-14T12:55:03.304578 -   h5py import: YES
2026-05-14T12:55:03.304578 -   18600070 ref: NO
2026-05-14T12:55:03.304578 -   1860070 ref: NO
2026-05-14T12:55:03.304578 -   output dir ref: NO
2026-05-14T12:55:03.304578 -   main guard: YES
2026-05-14T12:55:03.305818 - 
--- CHECK 6: REQUIRED OUTPUTS ---
2026-05-14T12:55:03.305818 - STALE/EMPTY: HDF5_STRUCTURE_REPORT.md (119 bytes)
2026-05-14T12:55:03.306463 - MISSING: HDF5_STRUCTURE_SUMMARY.csv
2026-05-14T12:55:03.306463 - MISSING: QNM_CANDIDATE_FIELDS_REPORT.md
2026-05-14T12:55:03.306463 - MISSING: QNM_RF_TEST_READINESS_REPORT.md
2026-05-14T12:55:03.306463 - MISSING: PHASE_3_HDF5_QNM_READINESS_LOG.md
2026-05-14T12:55:03.306463 - 
--- CHECK 7: BLOCKER DETERMINATION ---
2026-05-14T12:55:03.306463 - 
OK STATUS: CAN_PROCEED
2026-05-14T12:55:03.306463 - No blockers found. Ready for full Phase 3 execution.
2026-05-14T12:55:03.307633 - 
OK Audit Report: E:\clone\ligo-gw240925-gw250207-release\06_WINDSURF_LOGS\PHASE_3_EXECUTION_BLOCKER_AUDIT.md
2026-05-14T12:55:03.307633 - 
======================================================================
2026-05-14T12:55:03.307633 - EXECUTING FULL PHASE 3
2026-05-14T12:55:03.307633 - ======================================================================
2026-05-14T12:55:03.308199 - 
Inspecting 155 HDF5 files...
2026-05-14T12:55:03.308199 - 
[1/30] GW240925_combinedPHM_envcalC01_metafile.hdf5
2026-05-14T12:55:03.845371 -   Items: 1898
2026-05-14T12:55:03.847181 - 
[2/30] GW250207_combinedPHM_cal_metafile.hdf5
2026-05-14T12:55:04.738904 -   Items: 3105
2026-05-14T12:55:04.744520 - 
[3/30] combinedPHM_envcalC00_metafile.hdf5
2026-05-14T12:55:04.745640 -   NO Error: [Errno 2] Unable to synchronously open file (unable to open file: name = 'E:\clone\ligo-gw240925-gw250207-release\18600070\combined_samples\combined_samples\S240925n\combinedPHM_envcalC00_metafile.hdf5', errno = 2, error message = 'No such file or directory', flags = 0, o_flags = 0)
2026-05-14T12:55:04.746166 - 
[4/30] combinedPHM_envcalC01_metafile.hdf5
2026-05-14T12:55:04.746692 -   NO Error: [Errno 2] Unable to synchronously open file (unable to open file: name = 'E:\clone\ligo-gw240925-gw250207-release\18600070\combined_samples\combined_samples\S240925n\combinedPHM_envcalC01_metafile.hdf5', errno = 2, error message = 'No such file or directory', flags = 0, o_flags = 0)
2026-05-14T12:55:04.746692 - 
[5/30] combinedPHM_flatcalC00_metafile.hdf5
2026-05-14T12:55:04.746692 -   NO Error: [Errno 2] Unable to synchronously open file (unable to open file: name = 'E:\clone\ligo-gw240925-gw250207-release\18600070\combined_samples\combined_samples\S240925n\combinedPHM_flatcalC00_metafile.hdf5', errno = 2, error message = 'No such file or directory', flags = 0, o_flags = 0)
2026-05-14T12:55:04.747221 - 
[6/30] combinedPHM_nocalC00_metafile.hdf5
2026-05-14T12:55:04.747221 -   NO Error: [Errno 2] Unable to synchronously open file (unable to open file: name = 'E:\clone\ligo-gw240925-gw250207-release\18600070\combined_samples\combined_samples\S240925n\combinedPHM_nocalC00_metafile.hdf5', errno = 2, error message = 'No such file or directory', flags = 0, o_flags = 0)
2026-05-14T12:55:04.747221 - 
[7/30] combinedPHM_cal_metafile.hdf5
2026-05-14T12:55:04.747749 -   NO Error: [Errno 2] Unable to synchronously open file (unable to open file: name = 'E:\clone\ligo-gw240925-gw250207-release\18600070\combined_samples\combined_samples\S250207bg\combinedPHM_cal_metafile.hdf5', errno = 2, error message = 'No such file or directory', flags = 0, o_flags = 0)
2026-05-14T12:55:04.748797 - 
[8/30] combinedPHM_H1cal_metafile.hdf5
2026-05-14T12:55:04.748797 -   NO Error: [Errno 2] Unable to synchronously open file (unable to open file: name = 'E:\clone\ligo-gw240925-gw250207-release\18600070\combined_samples\combined_samples\S250207bg\combinedPHM_H1cal_metafile.hdf5', errno = 2, error message = 'No such file or directory', flags = 0, o_flags = 0)
2026-05-14T12:55:04.749323 - 
[9/30] combinedPHM_nocal_metafile.hdf5
2026-05-14T12:55:04.749323 -   NO Error: [Errno 2] Unable to synchronously open file (unable to open file: name = 'E:\clone\ligo-gw240925-gw250207-release\18600070\combined_samples\combined_samples\S250207bg\combinedPHM_nocal_metafile.hdf5', errno = 2, error message = 'No such file or directory', flags = 0, o_flags = 0)
2026-05-14T12:55:04.749848 - 
[10/30] H-H1_GWOSC_O4b4DiscC00_16KHZ_R1-1411260416-4096.hdf5
2026-05-14T12:55:04.758328 -   Items: 26
2026-05-14T12:55:04.758328 - 
[11/30] L-L1_GWOSC_O4b4DiscC00_16KHZ_R1-1411260416-4096.hdf5
2026-05-14T12:55:04.766375 -   Items: 26
2026-05-14T12:55:04.766375 - 
[12/30] V-V1_GWOSC_O4b4DiscC00_16KHZ_R1-1411260416-4096.hdf5
2026-05-14T12:55:04.774393 -   Items: 26
2026-05-14T12:55:04.774393 - 
[13/30] H-H1_GWOSC_O4b4DiscC00_4KHZ_R1-1411260416-4096.hdf5
2026-05-14T12:55:04.781724 -   Items: 26
2026-05-14T12:55:04.781724 - 
[14/30] L-L1_GWOSC_O4b4DiscC00_4KHZ_R1-1411260416-4096.hdf5
2026-05-14T12:55:04.788816 -   Items: 26
2026-05-14T12:55:04.788816 - 
[15/30] V-V1_GWOSC_O4b4DiscC00_4KHZ_R1-1411260416-4096.hdf5
2026-05-14T12:55:04.796306 -   Items: 26
2026-05-14T12:55:04.796306 - 
[16/30] 22_44_NoCal.hdf5
2026-05-14T12:55:04.900983 -   Items: 379
2026-05-14T12:55:04.901548 - 
[17/30] 22_44_WideCal.hdf5
2026-05-14T12:55:05.037083 -   Items: 469
2026-05-14T12:55:05.037631 - 
[18/30] 22_NoCal.hdf5
2026-05-14T12:55:05.156708 -   Items: 379
2026-05-14T12:55:05.156708 - 
[19/30] 22_WideCal.hdf5
2026-05-14T12:55:05.301322 -   Items: 469
2026-05-14T12:55:05.301322 - 
[20/30] rd_GW250207_Kerr220_8M_singleIFO_prod_2048Hz_evol_20Ksamps.hdf5
2026-05-14T12:55:05.305219 -   Items: 10
2026-05-14T12:55:05.305219 - 
[21/30] online_posterior_samples.h5
2026-05-14T12:55:05.575751 -   Items: 874
2026-05-14T12:55:05.575751 - 
[22/30] fti_dchi0.h5
2026-05-14T12:55:05.576955 -   NO Error: [Errno 2] Unable to synchronously open file (unable to open file: name = 'E:\clone\ligo-gw240925-gw250207-release\18600070\fti\fti\S240925n_correct_cal\fti_dchi0.h5', errno = 2, error message = 'No such file or directory', flags = 0, o_flags = 0)
2026-05-14T12:55:05.577603 - 
[23/30] fti_dchi1.h5
2026-05-14T12:55:05.578167 -   NO Error: [Errno 2] Unable to synchronously open file (unable to open file: name = 'E:\clone\ligo-gw240925-gw250207-release\18600070\fti\fti\S240925n_correct_cal\fti_dchi1.h5', errno = 2, error message = 'No such file or directory', flags = 0, o_flags = 0)
2026-05-14T12:55:05.578167 - 
[24/30] fti_dchi2.h5
2026-05-14T12:55:05.578716 -   NO Error: [Errno 2] Unable to synchronously open file (unable to open file: name = 'E:\clone\ligo-gw240925-gw250207-release\18600070\fti\fti\S240925n_correct_cal\fti_dchi2.h5', errno = 2, error message = 'No such file or directory', flags = 0, o_flags = 0)
2026-05-14T12:55:05.578716 - 
[25/30] fti_dchi3NS.h5
2026-05-14T12:55:05.579241 -   NO Error: [Errno 2] Unable to synchronously open file (unable to open file: name = 'E:\clone\ligo-gw240925-gw250207-release\18600070\fti\fti\S240925n_correct_cal\fti_dchi3NS.h5', errno = 2, error message = 'No such file or directory', flags = 0, o_flags = 0)
2026-05-14T12:55:05.579241 - 
[26/30] fti_dchi4NS.h5
2026-05-14T12:55:05.579820 -   NO Error: [Errno 2] Unable to synchronously open file (unable to open file: name = 'E:\clone\ligo-gw240925-gw250207-release\18600070\fti\fti\S240925n_correct_cal\fti_dchi4NS.h5', errno = 2, error message = 'No such file or directory', flags = 0, o_flags = 0)
2026-05-14T12:55:05.579820 - 
[27/30] fti_dchi5lNS.h5
2026-05-14T12:55:05.580380 -   NO Error: [Errno 2] Unable to synchronously open file (unable to open file: name = 'E:\clone\ligo-gw240925-gw250207-release\18600070\fti\fti\S240925n_correct_cal\fti_dchi5lNS.h5', errno = 2, error message = 'No such file or directory', flags = 0, o_flags = 0)
2026-05-14T12:55:05.580380 - 
[28/30] fti_dchi6l.h5
2026-05-14T12:55:05.580908 -   NO Error: [Errno 2] Unable to synchronously open file (unable to open file: name = 'E:\clone\ligo-gw240925-gw250207-release\18600070\fti\fti\S240925n_correct_cal\fti_dchi6l.h5', errno = 2, error message = 'No such file or directory', flags = 0, o_flags = 0)
2026-05-14T12:55:05.580908 - 
[29/30] fti_dchi6NS.h5
2026-05-14T12:55:05.581469 -   NO Error: [Errno 2] Unable to synchronously open file (unable to open file: name = 'E:\clone\ligo-gw240925-gw250207-release\18600070\fti\fti\S240925n_correct_cal\fti_dchi6NS.h5', errno = 2, error message = 'No such file or directory', flags = 0, o_flags = 0)
2026-05-14T12:55:05.581469 - 
[30/30] fti_dchi7NS.h5
2026-05-14T12:55:05.581995 -   NO Error: [Errno 2] Unable to synchronously open file (unable to open file: name = 'E:\clone\ligo-gw240925-gw250207-release\18600070\fti\fti\S240925n_correct_cal\fti_dchi7NS.h5', errno = 2, error message = 'No such file or directory', flags = 0, o_flags = 0)
2026-05-14T12:55:05.581995 - 
OK Inspected 30 files
2026-05-14T12:55:05.581995 - OK Structure entries: 7739
2026-05-14T12:55:05.581995 - OK QNM candidates: 2539
2026-05-14T12:55:05.582523 - 
Generating reports...
2026-05-14T12:55:05.664809 -   OK Discovery: E:\clone\ligo-gw240925-gw250207-release\02_INVENTORY\HDF5_DISCOVERY_REPORT.md
2026-05-14T12:55:05.665861 -   OK Structure: E:\clone\ligo-gw240925-gw250207-release\02_INVENTORY\HDF5_STRUCTURE_REPORT.md
2026-05-14T12:55:05.666387 -   OK Readiness: E:\clone\ligo-gw240925-gw250207-release\02_INVENTORY\QNM_RF_TEST_READINESS_REPORT.md
2026-05-14T12:55:05.667909 -   OK Phase 3 Log: E:\clone\ligo-gw240925-gw250207-release\06_WINDSURF_LOGS\PHASE_3_HDF5_QNM_READINESS_LOG.md
2026-05-14T12:55:05.667909 - 
======================================================================
2026-05-14T12:55:05.667909 - PHASE 3 COMPLETE
2026-05-14T12:55:05.667909 - ======================================================================
2026-05-14T12:55:05.667909 - All reports generated successfully.
EXIT_CODE: %ERRORLEVEL%
